// Jest Snapshot v1, https://goo.gl/fbAQLP

exports[`should render the component 1`] = `
{
  "asFragment": [Function],
  "baseElement": <body>
    <div>
      <div>
        <h1
          class="text-3xl font-bold text-gray-900"
        >
          string
        </h1>
        <div
          class="pt-2"
        >
          <h2
            class="text-2xl font-semibold text-gray-900"
          >
            string
          </h2>
          <div
            class="mt-4 flex items-baseline"
          >
            <div
              class="text-gray-900 text-lg font-semibold"
            >
              <div
                class="font-semibold"
              >
                $1.00
              </div>
            </div>
            <div
              class="ml-2 text-sm text-green-600 font-medium bg-green-200 px-2 py-1 rounded-full"
            >
              1% off
            </div>
          </div>
          <div
            class="mt-4"
          >
            <div
              class="flex items-center"
            >
              <div
                class="text-md text-gray-900"
              >
                Rating: 
                1
              </div>
              <div
                class="ml-2 text-md text-gray-500"
              >
                (
                1
                 in stock)
              </div>
            </div>
            <div
              class="mt-1 text-md text-gray-500"
            >
              Brand: 
              string
            </div>
            <div
              class="mt-1 text-md text-gray-500"
            >
              Category: 
              string
            </div>
          </div>
        </div>
        <div
          class="mt-10 flex items-center gap-x-3"
        >
          <button
            class="w-auto rounded-full bg-black border border-transparent px-5 py-3 disabled:cursor-not-allowed disabled:opacity-50 text-white font-semibold hover:opacity-75 transition flex items-center gap-x-2"
            type="button"
          >
            Add To Cart
            <svg
              class="lucide lucide-shopping-cart"
              fill="none"
              height="20"
              stroke="currentColor"
              stroke-linecap="round"
              stroke-linejoin="round"
              stroke-width="2"
              viewBox="0 0 24 24"
              width="20"
              xmlns="http://www.w3.org/2000/svg"
            >
              <circle
                cx="8"
                cy="21"
                r="1"
              />
              <circle
                cx="19"
                cy="21"
                r="1"
              />
              <path
                d="M2.05 2.05h2l2.66 12.42a2 2 0 0 0 2 1.58h9.78a2 2 0 0 0 1.95-1.57l1.65-7.43H5.12"
              />
            </svg>
          </button>
        </div>
      </div>
    </div>
  </body>,
  "container": <div>
    <div>
      <h1
        class="text-3xl font-bold text-gray-900"
      >
        string
      </h1>
      <div
        class="pt-2"
      >
        <h2
          class="text-2xl font-semibold text-gray-900"
        >
          string
        </h2>
        <div
          class="mt-4 flex items-baseline"
        >
          <div
            class="text-gray-900 text-lg font-semibold"
          >
            <div
              class="font-semibold"
            >
              $1.00
            </div>
          </div>
          <div
            class="ml-2 text-sm text-green-600 font-medium bg-green-200 px-2 py-1 rounded-full"
          >
            1% off
          </div>
        </div>
        <div
          class="mt-4"
        >
          <div
            class="flex items-center"
          >
            <div
              class="text-md text-gray-900"
            >
              Rating: 
              1
            </div>
            <div
              class="ml-2 text-md text-gray-500"
            >
              (
              1
               in stock)
            </div>
          </div>
          <div
            class="mt-1 text-md text-gray-500"
          >
            Brand: 
            string
          </div>
          <div
            class="mt-1 text-md text-gray-500"
          >
            Category: 
            string
          </div>
        </div>
      </div>
      <div
        class="mt-10 flex items-center gap-x-3"
      >
        <button
          class="w-auto rounded-full bg-black border border-transparent px-5 py-3 disabled:cursor-not-allowed disabled:opacity-50 text-white font-semibold hover:opacity-75 transition flex items-center gap-x-2"
          type="button"
        >
          Add To Cart
          <svg
            class="lucide lucide-shopping-cart"
            fill="none"
            height="20"
            stroke="currentColor"
            stroke-linecap="round"
            stroke-linejoin="round"
            stroke-width="2"
            viewBox="0 0 24 24"
            width="20"
            xmlns="http://www.w3.org/2000/svg"
          >
            <circle
              cx="8"
              cy="21"
              r="1"
            />
            <circle
              cx="19"
              cy="21"
              r="1"
            />
            <path
              d="M2.05 2.05h2l2.66 12.42a2 2 0 0 0 2 1.58h9.78a2 2 0 0 0 1.95-1.57l1.65-7.43H5.12"
            />
          </svg>
        </button>
      </div>
    </div>
  </div>,
  "debug": [Function],
  "findAllByAltText": [Function],
  "findAllByDisplayValue": [Function],
  "findAllByLabelText": [Function],
  "findAllByPlaceholderText": [Function],
  "findAllByRole": [Function],
  "findAllByTestId": [Function],
  "findAllByText": [Function],
  "findAllByTitle": [Function],
  "findByAltText": [Function],
  "findByDisplayValue": [Function],
  "findByLabelText": [Function],
  "findByPlaceholderText": [Function],
  "findByRole": [Function],
  "findByTestId": [Function],
  "findByText": [Function],
  "findByTitle": [Function],
  "getAllByAltText": [Function],
  "getAllByDisplayValue": [Function],
  "getAllByLabelText": [Function],
  "getAllByPlaceholderText": [Function],
  "getAllByRole": [Function],
  "getAllByTestId": [Function],
  "getAllByText": [Function],
  "getAllByTitle": [Function],
  "getByAltText": [Function],
  "getByDisplayValue": [Function],
  "getByLabelText": [Function],
  "getByPlaceholderText": [Function],
  "getByRole": [Function],
  "getByTestId": [Function],
  "getByText": [Function],
  "getByTitle": [Function],
  "queryAllByAltText": [Function],
  "queryAllByDisplayValue": [Function],
  "queryAllByLabelText": [Function],
  "queryAllByPlaceholderText": [Function],
  "queryAllByRole": [Function],
  "queryAllByTestId": [Function],
  "queryAllByText": [Function],
  "queryAllByTitle": [Function],
  "queryByAltText": [Function],
  "queryByDisplayValue": [Function],
  "queryByLabelText": [Function],
  "queryByPlaceholderText": [Function],
  "queryByRole": [Function],
  "queryByTestId": [Function],
  "queryByText": [Function],
  "queryByTitle": [Function],
  "rerender": [Function],
  "unmount": [Function],
}
`;
